// Jest Snapshot v1, https://goo.gl/fbAQLP

exports[`CardList should render and match snapshot 1`] = `
<RCTSafeAreaView
  emulateUnlessSupported={true}
  style={
    Array [
      Object {
        "alignItems": "center",
        "backgroundColor": "white",
        "display": "flex",
        "flexBasis": 0,
        "flexGrow": 1,
        "flexShrink": 1,
        "height": "100%",
        "justifyContent": "center",
      },
    ]
  }
/>
`;
